// Jest Snapshot v1, https://goo.gl/fbAQLP

exports[`MCIgnore load file2 1`] = `
{
  "patterns": [
    "OutputFolder",
    "Temp",
    "Template/something",
    "!BP/**/*.json",
  ],
}
`;

exports[`MCIgnore loadSync file1 1`] = `
{
  "patterns": [
    "OutputFolder",
    "Temp",
    "Template/something",
    "!BP/**/*.json",
  ],
}
`;

exports[`MCIgnore parse1 1`] = `
{
  "patterns": [
    "OutputFolder",
    "Temp",
    "Template/something",
    "!BP/**/*.json",
  ],
}
`;
